login as: budzichowskim
budzichowskim@213.184.8.36's password:
Linux bad2 4.10.17-1-pve #1 SMP PVE 4.10.17-16 (Tue, 11 Jul 2017 09:55:44 +0200)                                                                                                                                                              x86_64
 
The programs included with the Debian GNU/Linux system are free software;
the exact distribution terms for each program are described in the
individual files in /usr/share/doc/*/copyright.
 
Debian GNU/Linux comes with ABSOLUTELY NO WARRANTY, to the extent
permitted by applicable law.
Last login: Wed Oct 27 11:43:47 2021 from 213.184.8.151
budzichowskim@bad2:~$ ls -l
total 4
drwxr-xr-x 2 budzichowskim budzichowskim 4096 Oct 27 11:53 testowy
budzichowskim@bad2:~$ nano test.txt
budzichowskim@bad2:~$ ls -l
total 8
-rw-r--r-- 1 budzichowskim budzichowskim   12 Oct 27 11:58 test.txt
drwxr-xr-x 2 budzichowskim budzichowskim 4096 Oct 27 11:53 testowy
budzichowskim@bad2:~$ cat test.txt
whats poppy
budzichowskim@bad2:~$ touch test.txt
budzichowskim@bad2:~$ ls -l
total 8
-rw-r--r-- 1 budzichowskim budzichowskim   12 Oct 27 12:00 test.txt
drwxr-xr-x 2 budzichowskim budzichowskim 4096 Oct 27 11:53 testowy
budzichowskim@bad2:~$ cd..
-bash: cd..: command not found
budzichowskim@bad2:~$ cd ..
budzichowskim@bad2:/home$ cd ..
budzichowskim@bad2:/$ mysql -u login -p
Enter password:
ERROR 1045 (28000): Access denied for user 'login'@'localhost' (using password:                                                                                                                                                              YES)
budzichowskim@bad2:/$ mysql -u budzichowskim -p
Enter password:
ERROR 1045 (28000): Access denied for user 'budzichowskim'@'localhost' (using pa                                                                                                                                                             ssword: YES)
budzichowskim@bad2:/$ mysql -u budzichowskim -p
Enter password:
Welcome to the MySQL monitor.  Commands end with ; or \g.
Your MySQL connection id is 682
Server version: 8.0.22 MySQL Community Server - GPL
 
Copyright (c) 2000, 2020, Oracle and/or its affiliates. All rights reserved.
 
Oracle is a registered trademark of Oracle Corporation and/or its
affiliates. Other names may be trademarks of their respective
owners.
 
Type 'help;' or '\h' for help. Type '\c' to clear the current input statement.
 
mysql> show databases;
+--------------------+
| Database           |
+--------------------+
| budzichowskim      |
| information_schema |
+--------------------+
2 rows in set (0.95 sec)
 
mysql> use budzichowskim
Database changed
mysql> show tables;
Empty set (0.01 sec)
 
mysql> create table pracownik(id_pracownika INT PRIMARY KEY,
    -> imie VARCHAR(40) NOT NULL,
    -> nazwisko VARCHAR(50) NOT NULL,
    -> zarobki DOUBLE(10,2) DEFAULT 4000,
    -> data_urodzenia DATE NOT NULL,
    -> stanowisko ENUM('manager','kierownik','sprzedawca','kasjer');
ERROR 1064 (42000): You have an error in your SQL syntax; check the manual that                                                                                                                                                              corresponds to your MySQL server version for the right syntax to use near '' at                                                                                                                                                              line 6
mysql> stanowisko^C
mysql> create table pracownik(id_pracownika INT PRIMARY KEY, imie VARCHAR(40) NOT NULL, nazwisko VARCHAR(50) NOT NULL,                                                                                                                        zarobki DOUBLE(10,2) DEFAULT 4000, data_urodzenia DATE NOT NULL, stanowisko ENUM('manager','kierownik','sprzedawca','                                                                                                                       kasjer'));
Query OK, 0 rows affected, 1 warning (1.04 sec)
 
mysql> show bases;
ERROR 1064 (42000): You have an error in your SQL syntax; check the manual that corresponds to your MySQL server versi                                                                                                                       on for the right syntax to use near 'bases' at line 1
mysql> show databases;
+--------------------+
| Database           |
+--------------------+
| budzichowskim      |
| information_schema |
+--------------------+
2 rows in set (0.09 sec)
 
mysql> INSERT INTO pracownik VALUES(1,'Jan','Kowalski',3000,'1999-01-01','kasjer');
Query OK, 1 row affected (0.01 sec)
 
mysql> CREATE TABLE projekt(id_postaci INT PRIMARY KEY,
    -> nazwa VARCHAR(40) NOT NULL,
    -> rodzaj ENUM('wiking','ptak','kobieta')
    -> data_ur DATE NOT NULL,
    -> wiek
    -> ^C
mysql> show databases;
+--------------------+
| Database           |
+--------------------+
| budzichowskim      |
| information_schema |
+--------------------+
2 rows in set (0.00 sec)
 
mysql> CREATE TABLE projekt(id_postaci INT PRIMARY KEY, nazwa VARCHAR(40) NOT NULL, rodzaj ENUM('wiking','ptak','kobie                                                                                                                       ta), data_ur DATE NOT NULL, wiek UNSIGNED)
    '> )
    '> ^C
mysql> CREATE TABLE projekt(id_postaci INT PRIMARY KEY, nazwa VARCHAR(40) NOT NULL, rodzaj ENUM('wiking','ptak','kobie                                                                                                                       ta), data_ur DATE NOT NULL, wiek UNSIGNED)
    '>
    '>
    '>
    '> ^C
mysql> ^C
mysql> CREATE TABLE projekt(id_postaci INT PRIMARY KEY, nazwa VARCHAR(40) NOT NULL, rodzaj ENUM('wiking','ptak','kobie                                                                                                                       ta), data_ur DATE NOT NULL, wiek UNSIGNED))
    '> CREATE TABLE projekt(id_postaci INT PRIMARY KEY, nazwa VARCHAR(40) NOT NULL, rodzaj ENUM('wiking','ptak','kobie                                                                                                                       ta), data_ur DATE NOT NULL, wiek INT UNSIGNED))
    -> CREATE TABLE projekt(id_postaci INT AUTO INCREMENT, nazwa VARCHAR(40) NOT NULL, rodzaj ENUM('wiking','ptak','ko
bieta), data_ur DATE NOT NULL, wiek INT UNSIGNED))
    '> CREATE TABLE projekt(id_postaci INT AUTO INCREMENT, nazwa VARCHAR(40) NOT NULL, rodzaj ENUM('wiking','ptak','ko                                                                                                                       bieta), data_ur DATE NOT NULL, wiek INT UNSIGNED));
ERROR 1064 (42000): You have an error in your SQL syntax; check the manual that corresponds to your MySQL server versi                                                                                                                       on for the right syntax to use near 'wiking','ptak','kobieta), data_ur DATE NOT NULL, wiek INT UNSIGNED))
CREATE TABL' at line 2
mysql> CREATE TABLE projekt(id_postaci INT PRIMARY KEY, nazwa VARCHAR(40) NOT NULL, rodzaj ENUM('wiking','ptak','kobie                                                                                                                       ta), data_ur DATE NOT NULL, wiek UNSIGNED))
CREATE TABLE projekt(id_postaci INT PRIMARY KEY, nazwa VARCHAR(40) NOT NULL, rodzaj ENUM('wiking','ptak','kobieta), da                                                                                                                       ta_ur DATE NOT NULL, wiek INT UNSIGNED)) CREATE TABLE projekt(id_postaci INT AUTO INCREMENT, nazwa VARCHAR(40) NOT NUL                                                                                                                       L, rodzaj ENUM('wiking','ptak','kobieta), data_ur DATE NOT NULL, wiek INT UNSIGNED))
CREATE TABLE projekt(id_postaci INT AUTO INCREMENT, nazwa VARCHAR(40) NOT NULL, rodzaj ENUM('wiking','ptak','kobieta')                                                                                                                       , data_ur DATE NOT NULL, wiek INT UNSIGNED));
    '> CREATE TABLE projekt(id_postaci INT PRIMARY KEY, nazwa VARCHAR(40) NOT NULL, rodzaj ENUM('wiking','ptak','kobie                                                                                                                       ta), data_ur DATE NOT NULL, wiek UNSIGNED))
CREATE TABLE projekt(id_postaci INT PRIMARY KEY, nazwa VARCHAR(40) NOT NULL, rodzaj ENUM('wiking','ptak','kobieta), da                                                                                                                       ta_ur DATE NOT NULL, wiek INT UNSIGNED)) CREATE TABLE projekt(id_postaci INT AUTO INCREMENT, nazwa VARCHAR(40) NOT NUL                                                                                                                       L, rodzaj ENUM('wiking','ptak','kobieta), data_ur DATE NOT NULL, wiek INT UNSIGNED))
 
mysql> CREATE TABLE projekt1(id_postaci INT PRIMARY KEY AUTO_INCREMENT, nazwa VARCHAR(40) NOT NULL, rodzaj ENUM('wiking','ptak','kobieta'), data_ur DATE NOT NULL, wiek INT UNSIGNED);
Query OK, 0 rows affected (0.06 sec)
 
mysql> show databases;
+--------------------+
| Database           |
+--------------------+
| budzichowskim      |
| information_schema |
+--------------------+
2 rows in set (0.00 sec)
 
mysql> pwd /home
    -> ^C
mysql> pwd /
    -> ^C
mysql> use budzichowskim
Database changed
mysql> show databases;
+--------------------+
| Database           |
+--------------------+
| budzichowskim      |
| information_schema |
+--------------------+
2 rows in set (0.00 sec)
 
mysql> use budzichowskim
Database changed
mysql> show tables;
+-------------------------+
| Tables_in_budzichowskim |
+-------------------------+
| pracownik               |
| projekt1                |
+-------------------------+
2 rows in set (0.07 sec)
 
mysql> show projekt1;
ERROR 1064 (42000): You have an error in your SQL syntax; check the manual that corresponds to your MySQL server version for the right syntax to use near 'projekt1' at line 1
mysql> INSERT INTO projekt1 VALUES(1,'Bjorn','Zelazno Boki','wiking','1990-12-01',31);
ERROR 1136 (21S01): Column count doesn't match value count at row 1
mysql> desc projekt1;
+------------+---------------------------------+------+-----+---------+----------------+
| Field      | Type                            | Null | Key | Default | Extra          |
+------------+---------------------------------+------+-----+---------+----------------+
| id_postaci | int                             | NO   | PRI | NULL    | auto_increment |
| nazwa      | varchar(40)                     | NO   |     | NULL    |                |
| rodzaj     | enum('wiking','ptak','kobieta') | YES  |     | NULL    |                |
| data_ur    | date                            | NO   |     | NULL    |                |
| wiek       | int unsigned                    | YES  |     | NULL    |                |
+------------+---------------------------------+------+-----+---------+----------------+
5 rows in set (0.02 sec)
 
mysql> INSERT INTO projekt1 VALUES(NULL,'Bjorn','wiking','1990-12-01','31')
    -> ;
Query OK, 1 row affected (0.00 sec)
 
mysql> desc projekt 1;
ERROR 1064 (42000): You have an error in your SQL syntax; check the manual that corresponds to your MySQL server version for the right syntax to use near '1' at line 1
mysql> desc projekt1;
+------------+---------------------------------+------+-----+---------+----------------+
| Field      | Type                            | Null | Key | Default | Extra          |
+------------+---------------------------------+------+-----+---------+----------------+
| id_postaci | int                             | NO   | PRI | NULL    | auto_increment |
| nazwa      | varchar(40)                     | NO   |     | NULL    |                |
| rodzaj     | enum('wiking','ptak','kobieta') | YES  |     | NULL    |                |
| data_ur    | date                            | NO   |     | NULL    |                |
| wiek       | int unsigned                    | YES  |     | NULL    |                |
+------------+---------------------------------+------+-----+---------+----------------+
5 rows in set (0.00 sec)
 
mysql> select projekt1;
ERROR 1054 (42S22): Unknown column 'projekt1' in 'field list'
mysql> SELECT*FROM nazwa;
ERROR 1146 (42S02): Table 'budzichowskim.nazwa' doesn't exist
mysql> SELECT*FROM projekt1;
+------------+-------+--------+------------+------+
| id_postaci | nazwa | rodzaj | data_ur    | wiek |
+------------+-------+--------+------------+------+
|          1 | Bjorn | wiking | 1990-12-01 |   31 |
+------------+-------+--------+------------+------+
1 row in set (0.00 sec)
 
mysql> INSERT INTO projekt1 VALUES(NULL,'Drozd','ptak','2020-12-01','1')
    -> ;
Query OK, 1 row affected (0.00 sec)
 
mysql> INSERT INTO projekt1 VALUES(NULL,'Tesciowa','ptak','1940-12-01','81');
Query OK, 1 row affected (0.01 sec)
 
mysql> SELECT*FROM projekt1;
+------------+----------+--------+------------+------+
| id_postaci | nazwa    | rodzaj | data_ur    | wiek |
+------------+----------+--------+------------+------+
|          1 | Bjorn    | wiking | 1990-12-01 |   31 |
|          2 | Drozd    | ptak   | 2020-12-01 |    1 |
|          3 | Tesciowa | ptak   | 1940-12-01 |   81 |
+------------+----------+--------+------------+------+
3 rows in set (0.01 sec)
 
mysql> UPDATE postac SET wiek='88' WHERE nazwa='Tesciowa';
ERROR 1146 (42S02): Table 'budzichowskim.postac' doesn't exist
mysql> UPDATE postac SET wiek='88' WHERE nazwa="Tesciowa";
ERROR 1146 (42S02): Table 'budzichowskim.postac' doesn't exist
mysql> UPDATE projekt1 SET wiek='88' WHERE nazwa="Tesciowa";
Query OK, 1 row affected (0.00 sec)
Rows matched: 1  Changed: 1  Warnings: 0
 
mysql> SELECT*FROM projekt1;
+------------+----------+--------+------------+------+
| id_postaci | nazwa    | rodzaj | data_ur    | wiek |
+------------+----------+--------+------------+------+
|          1 | Bjorn    | wiking | 1990-12-01 |   31 |
|          2 | Drozd    | ptak   | 2020-12-01 |    1 |
|          3 | Tesciowa | ptak   | 1940-12-01 |   88 |
+------------+----------+--------+------------+------+
3 rows in set (0.00 sec)
 
 
mysql> CREATE TABLE walizka(id_walizki INT PRIMARY KEY AUTO_INCREMENT, pojemnosc INT UNSIGNED, kolor ENUM('rozowy','czerwony','teczowy','zolty'), id_wlasciciela INT, FOREIGN KEY(id_wlasciciela) REFERENCES projekt1(id_postaci) ON DELETE CASCADE);
Query OK, 0 rows affected (0.06 sec)